Analysis & Synthesis report for lab2
Sat Oct 10 16:35:22 2026
Quartus II 64-Bit Version 13.0.1 Build 232 06/12/2013 Service Pack 1 SJ Web Edition


---------------------
; Table of Contents ;
---------------------
  1. Legal Notice
  2. Analysis & Synthesis Summary
  3. Analysis & Synthesis Settings
  4. Parallel Compilation
  5. Analysis & Synthesis Source Files Read
  6. Analysis & Synthesis Resource Usage Summary
  7. Analysis & Synthesis Resource Utilization by Entity
  8. Registers Removed During Synthesis
  9. General Register Statistics
 10. Elapsed Time Per Partition
 11. Analysis & Synthesis Messages



----------------
; Legal Notice ;
----------------
Copyright (C) 1991-2013 Altera Corporation
Your use of Altera Corporation's design tools, logic functions 
and other software and tools, and its AMPP partner logic 
functions, and any output files from any of the foregoing 
(including device programming or simulation files), and any 
associated documentation or information are expressly subject 
to the terms and conditions of the Altera Program License 
Subscription Agreement, Altera MegaCore Function License 
Agreement, or other applicable license agreement, including, 
without limitation, that your use is for the sole purpose of 
programming logic devices manufactured by Altera and sold by 
Altera or its authorized distributors.  Please refer to the 
applicable agreement for further details.



+--------------------------------------------------------------------------------------+
; Analysis & Synthesis Summary                                                         ;
+------------------------------------+-------------------------------------------------+
; Analysis & Synthesis Status        ; Successful - Sat Oct 10 16:35:22 2026           ;
; Quartus II 64-Bit Version          ; 13.0.1 Build 232 06/12/2013 SP 1 SJ Web Edition ;
; Revision Name                      ; lab2                                            ;
; Top-level Entity Name              ; Block9                                          ;
; Family                             ; Cyclone II                                      ;
; Total logic elements               ; 18                                              ;
;     Total combinational functions  ; 18                                              ;
;     Dedicated logic registers      ; 10                                              ;
; Total registers                    ; 10                                              ;
; Total pins                         ; 14                                              ;
; Total virtual pins                 ; 0                                               ;
; Total memory bits                  ; 0                                               ;
; Embedded Multiplier 9-bit elements ; 0                                               ;
; Total PLLs                         ; 0                                               ;
+------------------------------------+-------------------------------------------------+


+----------------------------------------------------------------------------------------------------------------------+
; Analysis & Synthesis Settings                                                                                        ;
+----------------------------------------------------------------------------+--------------------+--------------------+
; Option                                                                     ; Setting            ; Default Value      ;
+----------------------------------------------------------------------------+--------------------+--------------------+
; Device                                                                     ; EP2C35F672C6       ;                    ;
; Top-level entity name                                                      ; Block9             ; lab2               ;
; Family name                                                                ; Cyclone II         ; Cyclone IV GX      ;
; Use smart compilation                                                      ; Off                ; Off                ;
; Enable parallel Assembler and TimeQuest Timing Analyzer during compilation ; On                 ; On                 ;
; Enable compact report table                                                ; Off                ; Off                ;
; Restructure Multiplexers                                                   ; Auto               ; Auto               ;
; Create Debugging Nodes for IP Cores                                        ; Off                ; Off                ;
; Preserve fewer node names                                                  ; On                 ; On                 ;
; Disable OpenCore Plus hardware evaluation                                  ; Off                ; Off                ;
; Verilog Version                                                            ; Verilog_2001       ; Verilog_2001       ;
; VHDL Version                                                               ; VHDL_1993          ; VHDL_1993          ;
; State Machine Processing                                                   ; Auto               ; Auto               ;
; Safe State Machine                                                         ; Off                ; Off                ;
; Extract Verilog State Machines                                             ; On                 ; On                 ;
; Extract VHDL State Machines                                                ; On                 ; On                 ;
; Ignore Verilog initial constructs                                          ; Off                ; Off                ;
; Iteration limit for constant Verilog loops                                 ; 5000               ; 5000               ;
; Iteration limit for non-constant Verilog loops                             ; 250                ; 250                ;
; Add Pass-Through Logic to Inferred RAMs                                    ; On                 ; On                 ;
; Infer RAMs from Raw Logic                                                  ; On                 ; On                 ;
; Parallel Synthesis                                                         ; On                 ; On                 ;
; DSP Block Balancing                                                        ; Auto               ; Auto               ;
; NOT Gate Push-Back                                                         ; On                 ; On                 ;
; Power-Up Don't Care                                                        ; On                 ; On                 ;
; Remove Redundant Logic Cells                                               ; Off                ; Off                ;
; Remove Duplicate Registers                                                 ; On                 ; On                 ;
; Ignore CARRY Buffers                                                       ; Off                ; Off                ;
; Ignore CASCADE Buffers                                                     ; Off                ; Off                ;
; Ignore GLOBAL Buffers                                                      ; Off                ; Off                ;
; Ignore ROW GLOBAL Buffers                                                  ; Off                ; Off                ;
; Ignore LCELL Buffers                                                       ; Off                ; Off                ;
; Ignore SOFT Buffers                                                        ; On                 ; On                 ;
; Limit AHDL Integers to 32 Bits                                             ; Off                ; Off                ;
; Optimization Technique                                                     ; Balanced           ; Balanced           ;
; Carry Chain Length                                                         ; 70                 ; 70                 ;
; Auto Carry Chains                                                          ; On                 ; On                 ;
; Auto Open-Drain Pins                                                       ; On                 ; On                 ;
; Perform WYSIWYG Primitive Resynthesis                                      ; Off                ; Off                ;
; Auto ROM Replacement                                                       ; On                 ; On                 ;
; Auto RAM Replacement                                                       ; On                 ; On                 ;
; Auto Shift Register Replacement                                            ; Auto               ; Auto               ;
; Allow Shift Register Merging across Hierarchies                            ; Auto               ; Auto               ;
; Auto Clock Enable Replacement                                              ; On                 ; On                 ;
; Strict RAM Replacement                                                     ; Off                ; Off                ;
; Allow Synchronous Control Signals                                          ; On                 ; On                 ;
; Force Use of Synchronous Clear Signals                                     ; Off                ; Off                ;
; Auto RAM to Logic Cell Conversion                                          ; Off                ; Off                ;
; Auto Resource Sharing                                                      ; Off                ; Off                ;
; Allow Any RAM Size For Recognition                                         ; Off                ; Off                ;
; Allow Any ROM Size For Recognition                                         ; Off                ; Off                ;
; Allow Any Shift Register Size For Recognition                              ; Off                ; Off                ;
; Use LogicLock Constraints during Resource Balancing                        ; On                 ; On                 ;
; Ignore translate_off and synthesis_off directives                          ; Off                ; Off                ;
; Timing-Driven Synthesis                                                    ; Off                ; Off                ;
; Report Parameter Settings                                                  ; On                 ; On                 ;
; Report Source Assignments                                                  ; On                 ; On                 ;
; Report Connectivity Checks                                                 ; On                 ; On                 ;
; Ignore Maximum Fan-Out Assignments                                         ; Off                ; Off                ;
; Synchronization Register Chain Length                                      ; 2                  ; 2                  ;
; PowerPlay Power Optimization                                               ; Normal compilation ; Normal compilation ;
; HDL message level                                                          ; Level2             ; Level2             ;
; Suppress Register Optimization Related Messages                            ; Off                ; Off                ;
; Number of Removed Registers Reported in Synthesis Report                   ; 5000               ; 5000               ;
; Number of Swept Nodes Reported in Synthesis Report                         ; 5000               ; 5000               ;
; Number of Inverted Registers Reported in Synthesis Report                  ; 100                ; 100                ;
; Clock MUX Protection                                                       ; On                 ; On                 ;
; Auto Gated Clock Conversion                                                ; Off                ; Off                ;
; Block Design Naming                                                        ; Auto               ; Auto               ;
; SDC constraint protection                                                  ; Off                ; Off                ;
; Synthesis Effort                                                           ; Auto               ; Auto               ;
; Shift Register Replacement - Allow Asynchronous Clear Signal               ; On                 ; On                 ;
; Pre-Mapping Resynthesis Optimization                                       ; Off                ; Off                ;
; Analysis & Synthesis Message Level                                         ; Medium             ; Medium             ;
; Disable Register Merging Across Hierarchies                                ; Auto               ; Auto               ;
; Resource Aware Inference For Block RAM                                     ; On                 ; On                 ;
; Synthesis Seed                                                             ; 1                  ; 1                  ;
+----------------------------------------------------------------------------+--------------------+--------------------+


Parallel compilation was disabled, but you have multiple processors available. Enable parallel compilation to reduce compilation time.
+-------------------------------------+
; Parallel Compilation                ;
+----------------------------+--------+
; Processors                 ; Number ;
+----------------------------+--------+
; Number detected on machine ; 12     ;
; Maximum allowed            ; 1      ;
+----------------------------+--------+


+--------------------------------------------------------------------------------------------------------------------------------------------------------------------------------+
; Analysis & Synthesis Source Files Read                                                                                                                                         ;
+----------------------------------+-----------------+------------------------------------+----------------------------------------------------------------------------+---------+
; File Name with User-Entered Path ; Used in Netlist ; File Type                          ; File Name with Absolute Path                                               ; Library ;
+----------------------------------+-----------------+------------------------------------+----------------------------------------------------------------------------+---------+
; lab2.bdf                         ; yes             ; User Block Diagram/Schematic File  ; D:/git_github/DIGITAL-LOGIC-DESIGN/thuchanh/LABB2/lab2_lamthem2/lab2.bdf   ;         ;
; Block2.bdf                       ; yes             ; User Block Diagram/Schematic File  ; D:/git_github/DIGITAL-LOGIC-DESIGN/thuchanh/LABB2/lab2_lamthem2/Block2.bdf ;         ;
; Block3.bdf                       ; yes             ; User Block Diagram/Schematic File  ; D:/git_github/DIGITAL-LOGIC-DESIGN/thuchanh/LABB2/lab2_lamthem2/Block3.bdf ;         ;
; Block4.bdf                       ; yes             ; User Block Diagram/Schematic File  ; D:/git_github/DIGITAL-LOGIC-DESIGN/thuchanh/LABB2/lab2_lamthem2/Block4.bdf ;         ;
; Block5.bdf                       ; yes             ; User Block Diagram/Schematic File  ; D:/git_github/DIGITAL-LOGIC-DESIGN/thuchanh/LABB2/lab2_lamthem2/Block5.bdf ;         ;
; Block6.bdf                       ; yes             ; User Block Diagram/Schematic File  ; D:/git_github/DIGITAL-LOGIC-DESIGN/thuchanh/LABB2/lab2_lamthem2/Block6.bdf ;         ;
; Block7.bdf                       ; yes             ; User Block Diagram/Schematic File  ; D:/git_github/DIGITAL-LOGIC-DESIGN/thuchanh/LABB2/lab2_lamthem2/Block7.bdf ;         ;
; Block8.bdf                       ; yes             ; User Block Diagram/Schematic File  ; D:/git_github/DIGITAL-LOGIC-DESIGN/thuchanh/LABB2/lab2_lamthem2/Block8.bdf ;         ;
; Block9.bdf                       ; yes             ; User Block Diagram/Schematic File  ; D:/git_github/DIGITAL-LOGIC-DESIGN/thuchanh/LABB2/lab2_lamthem2/Block9.bdf ;         ;
+----------------------------------+-----------------+------------------------------------+----------------------------------------------------------------------------+---------+


+-----------------------------------------------------+
; Analysis & Synthesis Resource Usage Summary         ;
+---------------------------------------------+-------+
; Resource                                    ; Usage ;
+---------------------------------------------+-------+
; Estimated Total logic elements              ; 18    ;
;                                             ;       ;
; Total combinational functions               ; 18    ;
; Logic element usage by number of LUT inputs ;       ;
;     -- 4 input functions                    ; 10    ;
;     -- 3 input functions                    ; 3     ;
;     -- <=2 input functions                  ; 5     ;
;                                             ;       ;
; Logic elements by mode                      ;       ;
;     -- normal mode                          ; 18    ;
;     -- arithmetic mode                      ; 0     ;
;                                             ;       ;
; Total registers                             ; 10    ;
;     -- Dedicated logic registers            ; 10    ;
;     -- I/O registers                        ; 0     ;
;                                             ;       ;
; I/O pins                                    ; 14    ;
; Embedded Multiplier 9-bit elements          ; 0     ;
; Maximum fan-out node                        ; inst8 ;
; Maximum fan-out                             ; 10    ;
; Total fan-out                               ; 91    ;
; Average fan-out                             ; 2.17  ;
+---------------------------------------------+-------+


+------------------------------------------------------------------------------------------------------------------------------------------------------------------------------------------+
; Analysis & Synthesis Resource Utilization by Entity                                                                                                                                      ;
+----------------------------+-------------------+--------------+-------------+--------------+---------+-----------+------+--------------+----------------------------------+--------------+
; Compilation Hierarchy Node ; LC Combinationals ; LC Registers ; Memory Bits ; DSP Elements ; DSP 9x9 ; DSP 18x18 ; Pins ; Virtual Pins ; Full Hierarchy Name              ; Library Name ;
+----------------------------+-------------------+--------------+-------------+--------------+---------+-----------+------+--------------+----------------------------------+--------------+
; |Block9                    ; 18 (1)            ; 10 (0)       ; 0           ; 0            ; 0       ; 0         ; 14   ; 0            ; |Block9                          ; work         ;
;    |Block6:inst|           ; 8 (2)             ; 5 (0)        ; 0           ; 0            ; 0       ; 0         ; 0    ; 0            ; |Block9|Block6:inst              ; work         ;
;       |Block5:inst|        ; 6 (6)             ; 5 (5)        ; 0           ; 0            ; 0       ; 0         ; 0    ; 0            ; |Block9|Block6:inst|Block5:inst  ; work         ;
;    |Block7:inst3|          ; 9 (3)             ; 5 (0)        ; 0           ; 0            ; 0       ; 0         ; 0    ; 0            ; |Block9|Block7:inst3             ; work         ;
;       |Block5:inst|        ; 6 (6)             ; 5 (5)        ; 0           ; 0            ; 0       ; 0         ; 0    ; 0            ; |Block9|Block7:inst3|Block5:inst ; work         ;
+----------------------------+-------------------+--------------+-------------+--------------+---------+-----------+------+--------------+----------------------------------+--------------+
Note: For table entries with two numbers listed, the numbers in parentheses indicate the number of resources of the given type used by the specific entity alone. The numbers listed outside of parentheses indicate the total resources of the given type used by the specific entity and all of its sub-entities in the hierarchy.


+-----------------------------------------------------------------------------------+
; Registers Removed During Synthesis                                                ;
+---------------------------------------+-------------------------------------------+
; Register name                         ; Reason for Removal                        ;
+---------------------------------------+-------------------------------------------+
; Block4:lol|inst                       ; Stuck at GND due to stuck port clock      ;
; Block8:inst2|Block5:inst|inst3        ; Merged with Block8:inst2|Block5:inst|inst ;
; Block8:inst2|Block5:inst|inst4        ; Merged with Block8:inst2|Block5:inst|inst ;
; Block8:inst2|Block5:inst|inst2        ; Merged with Block8:inst2|Block5:inst|inst ;
; Block8:inst2|Block5:inst|inst1        ; Merged with Block8:inst2|Block5:inst|inst ;
; Block8:inst2|Block5:inst|inst         ; Lost fanout                               ;
; Total Number of Removed Registers = 6 ;                                           ;
+---------------------------------------+-------------------------------------------+


+------------------------------------------------------+
; General Register Statistics                          ;
+----------------------------------------------+-------+
; Statistic                                    ; Value ;
+----------------------------------------------+-------+
; Total registers                              ; 10    ;
; Number of registers using Synchronous Clear  ; 0     ;
; Number of registers using Synchronous Load   ; 0     ;
; Number of registers using Asynchronous Clear ; 10    ;
; Number of registers using Asynchronous Load  ; 0     ;
; Number of registers using Clock Enable       ; 0     ;
; Number of registers using Preset             ; 0     ;
+----------------------------------------------+-------+


+-------------------------------+
; Elapsed Time Per Partition    ;
+----------------+--------------+
; Partition Name ; Elapsed Time ;
+----------------+--------------+
; Top            ; 00:00:00     ;
+----------------+--------------+


+-------------------------------+
; Analysis & Synthesis Messages ;
+-------------------------------+
Info: *******************************************************************
Info: Running Quartus II 64-Bit Analysis & Synthesis
    Info: Version 13.0.1 Build 232 06/12/2013 Service Pack 1 SJ Web Edition
    Info: Processing started: Sat Oct 10 16:35:21 2026
Info: Command: quartus_map --read_settings_files=on --write_settings_files=off lab2 -c lab2
Warning (20028): Parallel compilation is not licensed and has been disabled
Info (12021): Found 1 design units, including 1 entities, in source file lab2.bdf
    Info (12023): Found entity 1: lab2
Info (12021): Found 1 design units, including 1 entities, in source file block2.bdf
    Info (12023): Found entity 1: Block2
Info (12021): Found 1 design units, including 1 entities, in source file block3.bdf
    Info (12023): Found entity 1: Block3
Info (12021): Found 1 design units, including 1 entities, in source file block4.bdf
    Info (12023): Found entity 1: Block4
Info (12021): Found 1 design units, including 1 entities, in source file block5.bdf
    Info (12023): Found entity 1: Block5
Info (12021): Found 1 design units, including 1 entities, in source file block6.bdf
    Info (12023): Found entity 1: Block6
Info (12021): Found 1 design units, including 1 entities, in source file block7.bdf
    Info (12023): Found entity 1: Block7
Info (12021): Found 1 design units, including 1 entities, in source file block8.bdf
    Info (12023): Found entity 1: Block8
Info (12021): Found 1 design units, including 1 entities, in source file block9.bdf
    Info (12023): Found entity 1: Block9
Info (12127): Elaborating entity "Block9" for the top level hierarchy
Warning (275013): Port "CLK" of type Block4 and instance "lol" is missing source signal
Info (12128): Elaborating entity "Block4" for hierarchy "Block4:lol"
Info (12128): Elaborating entity "lab2" for hierarchy "Block4:lol|lab2:inst4"
Info (12128): Elaborating entity "Block3" for hierarchy "Block4:lol|Block3:lol"
Info (12128): Elaborating entity "Block2" for hierarchy "Block4:lol|Block3:lol|Block2:inst1"
Info (12128): Elaborating entity "Block8" for hierarchy "Block8:inst2"
Info (12128): Elaborating entity "Block5" for hierarchy "Block8:inst2|Block5:inst"
Info (12128): Elaborating entity "Block7" for hierarchy "Block7:inst3"
Info (12128): Elaborating entity "Block6" for hierarchy "Block6:inst"
Warning (13024): Output pins are stuck at VCC or GND
    Warning (13410): Pin "wrong" is stuck at GND
    Warning (13410): Pin "cnt_3" is stuck at GND
Info (17049): 1 registers lost all their fanouts during netlist optimizations.
Info (16010): Generating hard_block partition "hard_block:auto_generated_inst"
    Info (16011): Adding 0 node(s), including 0 DDIO, 0 PLL, 0 transceiver and 0 LCELL
Warning (21074): Design contains 6 input pin(s) that do not drive logic
    Warning (15610): No output dependent on input pin "key_valid"
    Warning (15610): No output dependent on input pin "X3"
    Warning (15610): No output dependent on input pin "X2"
    Warning (15610): No output dependent on input pin "X1"
    Warning (15610): No output dependent on input pin "X0"
    Warning (15610): No output dependent on input pin "Q0"
Info (21057): Implemented 32 device resources after synthesis - the final resource count might be different
    Info (21058): Implemented 10 input pins
    Info (21059): Implemented 4 output pins
    Info (21061): Implemented 18 logic cells
Info: Quartus II 64-Bit Analysis & Synthesis was successful. 0 errors, 12 warnings
    Info: Peak virtual memory: 4591 megabytes
    Info: Processing ended: Sat Oct 10 16:35:22 2026
    Info: Elapsed time: 00:00:01
    Info: Total CPU time (on all processors): 00:00:01


